eans/./02_02_03_10a.xml	//node[count(node[@rel="tag"]) > 1]/node[@rel="tag"]	rel "tag" occurs more than once
eans/./02_03_02_08_04_01_7.xml	//node[ @cat and @rel="mod" and not(@cat="rel") and not(@cat="cp") and not(@cat="np") and not(@cat="advp") and not(@cat="ap") and not(@cat="ppart") and not(@cat="pp") and not(@cat="mwu") and not(@cat="conj") and not(@cat="oti") and not(@cat="du") and not(@cat="smain") and not(@cat="whrel") and not(@cat="ti") and not(@cat="sv1") and not(@cat="ppres")]	unexpected mod-category.   Expected cats: rel cp np advp ap ppart pp mwu conj oti du smain whrel ti sv1 ppres
eans/./02_04_03_15.xml	//node[ @cat and @rel="me" and not(@cat="np") and not(@cat="ap") and not(@cat="conj") and not(@cat="mwu")]	unexpected me-category.   Expected cats: np ap conj mwu
eans/./02_04_05_12.xml	//node[ ../@cat="ap" and not(@rel="hd") and not(@rel="mod") and not(@rel="vc") and not(@rel="pc") and not(@rel="obcomp") and not(@rel="obj1") and not(@rel="predm") and not(@rel="predc") and not(@rel="me") and not(@rel="se") and not(@rel="pobj1") and not(@rel="obj2")]	unexpected ap-daughter.   Expected rels: hd mod vc pc obcomp obj1 predm predc me se pobj1 obj2
eans/./02_04_05_13.xml	//node[ ../@cat="ap" and not(@rel="hd") and not(@rel="mod") and not(@rel="vc") and not(@rel="pc") and not(@rel="obcomp") and not(@rel="obj1") and not(@rel="predm") and not(@rel="predc") and not(@rel="me") and not(@rel="se") and not(@rel="pobj1") and not(@rel="obj2")]	unexpected ap-daughter.   Expected rels: hd mod vc pc obcomp obj1 predm predc me se pobj1 obj2
eans/./02_04_05_14.xml	//node[@wvorm="pv" and not(../@cat="smain" or ../@cat="ssub" or ../@cat="sv1" or ../@cat="mwu" or ../@cat="top" or ../@cat="du") ]	unexpected finite verb?
eans/./02_04_02_8.xml	//node[@cat="inf" and node[@rel="hd" and @pt and not(@postag="WW(inf,vrij,zonder)")]]	inf cat without inf hd?
eans/./01_03_7.xml	//node[@rel="hd" and ../@cat="np" and @pt and not(@pt="n" or @pt="tw" or @pt="spec" or @pt="adj" or @pt="ww" or @pt="vnw" or @pt="bw")]	unexpected postag for head of np
eans/./01_03_7.xml	//node[not(@cat="pp") and node[@rel="hd" and @postag="VZ(init)"]]	preposition head, but not PP?
