qa/./clef2008_0064-2316.xml	//node[@cat="np" and node[@rel="hd" and @genus="onz"] and node[@lemma="de" or @lemma="die" or @lemma="deze"]]	onz noun combines with de
