qa_extra/./61.xml	//node[ @naamval="gen" and @pt="n" and not(@rel="det" or @rel="mwp" or @rel="hd") ]	Genitive noun, but not determiner?
