././Batch1_answers_nl-130-1.xml	//node[@wvorm="pv" and not(../@cat="smain" or ../@cat="ssub" or ../@cat="sv1" or ../@cat="mwu" or ../@cat="top" or ../@cat="du") ]	unexpected finite verb?
